Component: Arm Compiler for Embedded 6.24 Tool: armlink [5f371500]

==============================================================================

Section Cross References

    main.o(.text.setup) refers to sysctl.o(i.SysCtlPeripheralEnable) for SysCtlPeripheralEnable
    main.o(.text.setup) refers to sysctl.o(i.SysCtlPeripheralReady) for SysCtlPeripheralReady
    main.o(.text.setup) refers to gpio.o(i.GPIOPinTypeGPIOOutput) for GPIOPinTypeGPIOOutput
    main.o(.text.setup) refers to gpio.o(i.GPIOPinTypeGPIOInput) for GPIOPinTypeGPIOInput
    main.o(.text.setup) refers to gpio.o(i.GPIOPinWrite) for GPIOPinWrite
    main.o(.text.setup) refers to main.o(.bss.sensorNS) for sensorNS
    main.o(.text.setup) refers to main.o(.bss.sensorEW) for sensorEW
    main.o(.text.setup) refers to main.o(.bss.nsFlag) for nsFlag
    main.o(.text.setup) refers to main.o(.bss.ewFlag) for ewFlag
    main.o(.ARM.exidx.text.setup) refers to main.o(.text.setup) for [Anonymous Symbol]
    main.o(.text.NSTraffic) refers to gpio.o(i.GPIOPinWrite) for GPIOPinWrite
    main.o(.text.NSTraffic) refers to sysctl.o(.emb_text) for SysCtlDelay
    main.o(.text.NSTraffic) refers to main.o(.bss.nsFlag) for nsFlag
    main.o(.text.NSTraffic) refers to main.o(.bss.ewFlag) for ewFlag
    main.o(.ARM.exidx.text.NSTraffic) refers to main.o(.text.NSTraffic) for [Anonymous Symbol]
    main.o(.text.EWTraffic) refers to gpio.o(i.GPIOPinWrite) for GPIOPinWrite
    main.o(.text.EWTraffic) refers to sysctl.o(.emb_text) for SysCtlDelay
    main.o(.text.EWTraffic) refers to main.o(.bss.nsFlag) for nsFlag
    main.o(.text.EWTraffic) refers to main.o(.bss.ewFlag) for ewFlag
    main.o(.ARM.exidx.text.EWTraffic) refers to main.o(.text.EWTraffic) for [Anonymous Symbol]
    main.o(.text.PedCrossWalk) refers to main.o(.bss.nsFlag) for nsFlag
    main.o(.text.PedCrossWalk) refers to gpio.o(i.GPIOPinWrite) for GPIOPinWrite
    main.o(.text.PedCrossWalk) refers to sysctl.o(.emb_text) for SysCtlDelay
    main.o(.text.PedCrossWalk) refers to main.o(.bss.ewFlag) for ewFlag
    main.o(.text.PedCrossWalk) refers to main.o(.bss.pedButton) for pedButton
    main.o(.ARM.exidx.text.PedCrossWalk) refers to main.o(.text.PedCrossWalk) for [Anonymous Symbol]
    main.o(.text.main) refers to main.o(.text.setup) for setup
    main.o(.text.main) refers to gpio.o(i.GPIOPinRead) for GPIOPinRead
    main.o(.text.main) refers to main.o(.bss.pedButton) for pedButton
    main.o(.text.main) refers to main.o(.bss.sensorNS) for sensorNS
    main.o(.text.main) refers to main.o(.bss.sensorEW) for sensorEW
    main.o(.text.main) refers to main.o(.bss.ewFlag) for ewFlag
    main.o(.text.main) refers to main.o(.text.EWTraffic) for EWTraffic
    main.o(.text.main) refers to main.o(.bss.nsFlag) for nsFlag
    main.o(.text.main) refers to main.o(.text.NSTraffic) for NSTraffic
    main.o(.text.main) refers to main.o(.text.PedCrossWalk) for PedCrossWalk
    main.o(.ARM.exidx.text.main) refers to main.o(.text.main) for [Anonymous Symbol]
    startup_tm4c123.o(STACK) refers (Special) to heapauxi.o(.text) for __use_two_region_memory
    startup_tm4c123.o(HEAP) refers (Special) to heapauxi.o(.text) for __use_two_region_memory
    startup_tm4c123.o(RESET) refers (Special) to heapauxi.o(.text) for __use_two_region_memory
    startup_tm4c123.o(RESET) refers to startup_tm4c123.o(STACK) for __initial_sp
    startup_tm4c123.o(RESET) refers to startup_tm4c123.o(.text) for Reset_Handler
    startup_tm4c123.o(.text) refers (Special) to heapauxi.o(.text) for __use_two_region_memory
    startup_tm4c123.o(.text) refers to system_tm4c123.o(.text.SystemInit) for SystemInit
    startup_tm4c123.o(.text) refers to __main.o(!!!main) for __main
    startup_tm4c123.o(.text) refers to startup_tm4c123.o(HEAP) for Heap_Mem
    startup_tm4c123.o(.text) refers to startup_tm4c123.o(STACK) for Stack_Mem
    system_tm4c123.o(.text.SystemCoreClockUpdate) refers to system_tm4c123.o(.text.getOscClk) for getOscClk
    system_tm4c123.o(.text.SystemCoreClockUpdate) refers to system_tm4c123.o(.data.SystemCoreClock) for SystemCoreClock
    system_tm4c123.o(.ARM.exidx.text.SystemCoreClockUpdate) refers to system_tm4c123.o(.text.SystemCoreClockUpdate) for [Anonymous Symbol]
    system_tm4c123.o(.ARM.exidx.text.getOscClk) refers to system_tm4c123.o(.text.getOscClk) for [Anonymous Symbol]
    system_tm4c123.o(.ARM.exidx.text.SystemInit) refers to system_tm4c123.o(.text.SystemInit) for [Anonymous Symbol]
    gpio.o(i.GPIOIntRegister) refers to interrupt.o(i.IntRegister) for IntRegister
    gpio.o(i.GPIOIntRegister) refers to interrupt.o(i.IntEnable) for IntEnable
    gpio.o(i.GPIOIntRegister) refers to gpio.o(.constdata) for .constdata
    gpio.o(i.GPIOIntUnregister) refers to interrupt.o(i.IntDisable) for IntDisable
    gpio.o(i.GPIOIntUnregister) refers to interrupt.o(i.IntUnregister) for IntUnregister
    gpio.o(i.GPIOIntUnregister) refers to gpio.o(.constdata) for .constdata
    gpio.o(i.GPIOPinConfigure) refers to gpio.o(.constdata) for .constdata
    gpio.o(i.GPIOPinTypeADC) refers to gpio.o(i.GPIODirModeSet) for GPIODirModeSet
    gpio.o(i.GPIOPinTypeADC) refers to gpio.o(i.GPIOPadConfigSet) for GPIOPadConfigSet
    gpio.o(i.GPIOPinTypeCAN) refers to gpio.o(i.GPIODirModeSet) for GPIODirModeSet
    gpio.o(i.GPIOPinTypeCAN) refers to gpio.o(i.GPIOPadConfigSet) for GPIOPadConfigSet
    gpio.o(i.GPIOPinTypeComparator) refers to gpio.o(i.GPIODirModeSet) for GPIODirModeSet
    gpio.o(i.GPIOPinTypeComparator) refers to gpio.o(i.GPIOPadConfigSet) for GPIOPadConfigSet
    gpio.o(i.GPIOPinTypeEPI) refers to gpio.o(i.GPIODirModeSet) for GPIODirModeSet
    gpio.o(i.GPIOPinTypeEPI) refers to gpio.o(i.GPIOPadConfigSet) for GPIOPadConfigSet
    gpio.o(i.GPIOPinTypeEthernetLED) refers to gpio.o(i.GPIODirModeSet) for GPIODirModeSet
    gpio.o(i.GPIOPinTypeEthernetLED) refers to gpio.o(i.GPIOPadConfigSet) for GPIOPadConfigSet
    gpio.o(i.GPIOPinTypeEthernetMII) refers to gpio.o(i.GPIODirModeSet) for GPIODirModeSet
    gpio.o(i.GPIOPinTypeEthernetMII) refers to gpio.o(i.GPIOPadConfigSet) for GPIOPadConfigSet
    gpio.o(i.GPIOPinTypeFan) refers to gpio.o(i.GPIODirModeSet) for GPIODirModeSet
    gpio.o(i.GPIOPinTypeFan) refers to gpio.o(i.GPIOPadConfigSet) for GPIOPadConfigSet
    gpio.o(i.GPIOPinTypeGPIOInput) refers to gpio.o(i.GPIODirModeSet) for GPIODirModeSet
    gpio.o(i.GPIOPinTypeGPIOInput) refers to gpio.o(i.GPIOPadConfigSet) for GPIOPadConfigSet
    gpio.o(i.GPIOPinTypeGPIOOutput) refers to gpio.o(i.GPIOPadConfigSet) for GPIOPadConfigSet
    gpio.o(i.GPIOPinTypeGPIOOutput) refers to gpio.o(i.GPIODirModeSet) for GPIODirModeSet
    gpio.o(i.GPIOPinTypeGPIOOutputOD) refers to gpio.o(i.GPIOPadConfigSet) for GPIOPadConfigSet
    gpio.o(i.GPIOPinTypeGPIOOutputOD) refers to gpio.o(i.GPIODirModeSet) for GPIODirModeSet
    gpio.o(i.GPIOPinTypeI2C) refers to gpio.o(i.GPIODirModeSet) for GPIODirModeSet
    gpio.o(i.GPIOPinTypeI2C) refers to gpio.o(i.GPIOPadConfigSet) for GPIOPadConfigSet
    gpio.o(i.GPIOPinTypeI2CSCL) refers to gpio.o(i.GPIODirModeSet) for GPIODirModeSet
    gpio.o(i.GPIOPinTypeI2CSCL) refers to gpio.o(i.GPIOPadConfigSet) for GPIOPadConfigSet
    gpio.o(i.GPIOPinTypeLPC) refers to gpio.o(i.GPIODirModeSet) for GPIODirModeSet
    gpio.o(i.GPIOPinTypeLPC) refers to gpio.o(i.GPIOPadConfigSet) for GPIOPadConfigSet
    gpio.o(i.GPIOPinTypePECIRx) refers to gpio.o(i.GPIODirModeSet) for GPIODirModeSet
    gpio.o(i.GPIOPinTypePECIRx) refers to gpio.o(i.GPIOPadConfigSet) for GPIOPadConfigSet
    gpio.o(i.GPIOPinTypePECITx) refers to gpio.o(i.GPIODirModeSet) for GPIODirModeSet
    gpio.o(i.GPIOPinTypePECITx) refers to gpio.o(i.GPIOPadConfigSet) for GPIOPadConfigSet
    gpio.o(i.GPIOPinTypePWM) refers to gpio.o(i.GPIODirModeSet) for GPIODirModeSet
    gpio.o(i.GPIOPinTypePWM) refers to gpio.o(i.GPIOPadConfigSet) for GPIOPadConfigSet
    gpio.o(i.GPIOPinTypeQEI) refers to gpio.o(i.GPIODirModeSet) for GPIODirModeSet
    gpio.o(i.GPIOPinTypeQEI) refers to gpio.o(i.GPIOPadConfigSet) for GPIOPadConfigSet
    gpio.o(i.GPIOPinTypeSSI) refers to gpio.o(i.GPIODirModeSet) for GPIODirModeSet
    gpio.o(i.GPIOPinTypeSSI) refers to gpio.o(i.GPIOPadConfigSet) for GPIOPadConfigSet
    gpio.o(i.GPIOPinTypeTimer) refers to gpio.o(i.GPIODirModeSet) for GPIODirModeSet
    gpio.o(i.GPIOPinTypeTimer) refers to gpio.o(i.GPIOPadConfigSet) for GPIOPadConfigSet
    gpio.o(i.GPIOPinTypeUART) refers to gpio.o(i.GPIODirModeSet) for GPIODirModeSet
    gpio.o(i.GPIOPinTypeUART) refers to gpio.o(i.GPIOPadConfigSet) for GPIOPadConfigSet
    gpio.o(i.GPIOPinTypeUSBAnalog) refers to gpio.o(i.GPIODirModeSet) for GPIODirModeSet
    gpio.o(i.GPIOPinTypeUSBAnalog) refers to gpio.o(i.GPIOPadConfigSet) for GPIOPadConfigSet
    gpio.o(i.GPIOPinTypeUSBDigital) refers to gpio.o(i.GPIODirModeSet) for GPIODirModeSet
    gpio.o(i.GPIOPinTypeUSBDigital) refers to gpio.o(i.GPIOPadConfigSet) for GPIOPadConfigSet
    sysctl.o(i.SysCtlClockGet) refers to sysctl.o(.constdata) for .constdata
    sysctl.o(i.SysCtlClockSet) refers to sysctl.o(.emb_text) for SysCtlDelay
    sysctl.o(i.SysCtlDeepSleep) refers to cpu.o(.emb_text) for CPUwfi
    sysctl.o(i.SysCtlIntRegister) refers to interrupt.o(i.IntRegister) for IntRegister
    sysctl.o(i.SysCtlIntRegister) refers to interrupt.o(i.IntEnable) for IntEnable
    sysctl.o(i.SysCtlIntUnregister) refers to interrupt.o(i.IntDisable) for IntDisable
    sysctl.o(i.SysCtlIntUnregister) refers to interrupt.o(i.IntUnregister) for IntUnregister
    sysctl.o(i.SysCtlSleep) refers to cpu.o(.emb_text) for CPUwfi
    interrupt.o(i.IntDisable) refers to interrupt.o(.constdata) for .constdata
    interrupt.o(i.IntEnable) refers to interrupt.o(.constdata) for .constdata
    interrupt.o(i.IntIsEnabled) refers to interrupt.o(.constdata) for .constdata
    interrupt.o(i.IntMasterDisable) refers to cpu.o(.emb_text) for CPUcpsid
    interrupt.o(i.IntMasterEnable) refers to cpu.o(.emb_text) for CPUcpsie
    interrupt.o(i.IntPendClear) refers to interrupt.o(.constdata) for .constdata
    interrupt.o(i.IntPendSet) refers to interrupt.o(.constdata) for .constdata
    interrupt.o(i.IntPriorityGet) refers to interrupt.o(.constdata) for .constdata
    interrupt.o(i.IntPriorityGroupingGet) refers to interrupt.o(.constdata) for .constdata
    interrupt.o(i.IntPriorityGroupingSet) refers to interrupt.o(.constdata) for .constdata
    interrupt.o(i.IntPriorityMaskGet) refers to cpu.o(.emb_text) for CPUbasepriGet
    interrupt.o(i.IntPriorityMaskSet) refers to cpu.o(.emb_text) for CPUbasepriSet
    interrupt.o(i.IntPrioritySet) refers to interrupt.o(.constdata) for .constdata
    interrupt.o(i.IntRegister) refers to interrupt.o(vtable) for vtable
    interrupt.o(i.IntUnregister) refers to interrupt.o(i._IntDefaultHandler) for _IntDefaultHandler
    interrupt.o(i.IntUnregister) refers to interrupt.o(vtable) for vtable
    __main.o(!!!main) refers to __rtentry.o(.ARM.Collect$$rtentry$$00000000) for __rt_entry
    __rtentry.o(.ARM.Collect$$rtentry$$00000000) refers (Special) to __rtentry2.o(.ARM.Collect$$rtentry$$0000000A) for __rt_entry_li
    __rtentry.o(.ARM.Collect$$rtentry$$00000000) refers (Special) to __rtentry2.o(.ARM.Collect$$rtentry$$0000000D) for __rt_entry_main
    __rtentry.o(.ARM.Collect$$rtentry$$00000000) refers (Special) to __rtentry2.o(.ARM.Collect$$rtentry$$0000000C) for __rt_entry_postli_1
    __rtentry.o(.ARM.Collect$$rtentry$$00000000) refers (Special) to __rtentry2.o(.ARM.Collect$$rtentry$$00000009) for __rt_entry_postsh_1
    __rtentry.o(.ARM.Collect$$rtentry$$00000000) refers (Special) to __rtentry2.o(.ARM.Collect$$rtentry$$00000002) for __rt_entry_presh_1
    __rtentry.o(.ARM.Collect$$rtentry$$00000000) refers (Special) to __rtentry4.o(.ARM.Collect$$rtentry$$00000004) for __rt_entry_sh
    __rtentry2.o(.ARM.Collect$$rtentry$$00000008) refers to boardinit2.o(.text) for _platform_post_stackheap_init
    __rtentry2.o(.ARM.Collect$$rtentry$$0000000A) refers to libinit.o(.ARM.Collect$$libinit$$00000000) for __rt_lib_init
    __rtentry2.o(.ARM.Collect$$rtentry$$0000000B) refers to boardinit3.o(.text) for _platform_post_lib_init
    __rtentry2.o(.ARM.Collect$$rtentry$$0000000D) refers to main.o(.text.main) for main
    __rtentry2.o(.ARM.Collect$$rtentry$$0000000D) refers to exit.o(.text) for exit
    __rtentry2.o(.ARM.exidx) refers to __rtentry2.o(.ARM.Collect$$rtentry$$00000001) for .ARM.Collect$$rtentry$$00000001
    __rtentry2.o(.ARM.exidx) refers to __rtentry2.o(.ARM.Collect$$rtentry$$00000008) for .ARM.Collect$$rtentry$$00000008
    __rtentry2.o(.ARM.exidx) refers to __rtentry2.o(.ARM.Collect$$rtentry$$0000000A) for .ARM.Collect$$rtentry$$0000000A
    __rtentry2.o(.ARM.exidx) refers to __rtentry2.o(.ARM.Collect$$rtentry$$0000000B) for .ARM.Collect$$rtentry$$0000000B
    __rtentry2.o(.ARM.exidx) refers to __rtentry2.o(.ARM.Collect$$rtentry$$0000000D) for .ARM.Collect$$rtentry$$0000000D
    __rtentry4.o(.ARM.Collect$$rtentry$$00000004) refers to sys_stackheap_outer.o(.text) for __user_setup_stackheap
    __rtentry4.o(.ARM.exidx) refers to __rtentry4.o(.ARM.Collect$$rtentry$$00000004) for .ARM.Collect$$rtentry$$00000004
    sys_stackheap_outer.o(.text) refers to libspace.o(.text) for __user_perproc_libspace
    sys_stackheap_outer.o(.text) refers to startup_tm4c123.o(.text) for __user_initial_stackheap
    exit.o(.text) refers to rtexit.o(.ARM.Collect$$rtexit$$00000000) for __rt_exit
    libinit.o(.ARM.Collect$$libinit$$00000000) refers (Special) to libinit2.o(.ARM.Collect$$libinit$$00000030) for __rt_lib_init_alloca_1
    libinit.o(.ARM.Collect$$libinit$$00000000) refers (Special) to libinit2.o(.ARM.Collect$$libinit$$0000002E) for __rt_lib_init_argv_1
    libinit.o(.ARM.Collect$$libinit$$00000000) refers (Special) to libinit2.o(.ARM.Collect$$libinit$$0000001D) for __rt_lib_init_atexit_1
    libinit.o(.ARM.Collect$$libinit$$00000000) refers (Special) to libinit2.o(.ARM.Collect$$libinit$$00000023) for __rt_lib_init_clock_1
    libinit.o(.ARM.Collect$$libinit$$00000000) refers (Special) to libinit2.o(.ARM.Collect$$libinit$$00000034) for __rt_lib_init_cpp_1
    libinit.o(.ARM.Collect$$libinit$$00000000) refers (Special) to libinit2.o(.ARM.Collect$$libinit$$00000032) for __rt_lib_init_exceptions_1
    libinit.o(.ARM.Collect$$libinit$$00000000) refers (Special) to libinit2.o(.ARM.Collect$$libinit$$00000001) for __rt_lib_init_fp_1
    libinit.o(.ARM.Collect$$libinit$$00000000) refers (Special) to libinit2.o(.ARM.Collect$$libinit$$00000021) for __rt_lib_init_fp_trap_1
    libinit.o(.ARM.Collect$$libinit$$00000000) refers (Special) to libinit2.o(.ARM.Collect$$libinit$$00000025) for __rt_lib_init_getenv_1
    libinit.o(.ARM.Collect$$libinit$$00000000) refers (Special) to libinit2.o(.ARM.Collect$$libinit$$0000000C) for __rt_lib_init_heap_1
    libinit.o(.ARM.Collect$$libinit$$00000000) refers (Special) to libinit2.o(.ARM.Collect$$libinit$$00000013) for __rt_lib_init_lc_collate_1
    libinit.o(.ARM.Collect$$libinit$$00000000) refers (Special) to libinit2.o(.ARM.Collect$$libinit$$00000015) for __rt_lib_init_lc_ctype_1
    libinit.o(.ARM.Collect$$libinit$$00000000) refers (Special) to libinit2.o(.ARM.Collect$$libinit$$00000017) for __rt_lib_init_lc_monetary_1
    libinit.o(.ARM.Collect$$libinit$$00000000) refers (Special) to libinit2.o(.ARM.Collect$$libinit$$00000019) for __rt_lib_init_lc_numeric_1
    libinit.o(.ARM.Collect$$libinit$$00000000) refers (Special) to libinit2.o(.ARM.Collect$$libinit$$0000001B) for __rt_lib_init_lc_time_1
    libinit.o(.ARM.Collect$$libinit$$00000000) refers (Special) to libinit2.o(.ARM.Collect$$libinit$$00000006) for __rt_lib_init_preinit_1
    libinit.o(.ARM.Collect$$libinit$$00000000) refers (Special) to libinit2.o(.ARM.Collect$$libinit$$00000010) for __rt_lib_init_rand_1
    libinit.o(.ARM.Collect$$libinit$$00000000) refers (Special) to libinit2.o(.ARM.Collect$$libinit$$00000004) for __rt_lib_init_relocate_pie_1
    libinit.o(.ARM.Collect$$libinit$$00000000) refers (Special) to libinit2.o(.ARM.Collect$$libinit$$00000035) for __rt_lib_init_return
    libinit.o(.ARM.Collect$$libinit$$00000000) refers (Special) to libinit2.o(.ARM.Collect$$libinit$$0000001F) for __rt_lib_init_signal_1
    libinit.o(.ARM.Collect$$libinit$$00000000) refers (Special) to libinit2.o(.ARM.Collect$$libinit$$00000027) for __rt_lib_init_stdio_1
    libinit.o(.ARM.Collect$$libinit$$00000000) refers (Special) to libinit2.o(.ARM.Collect$$libinit$$0000000E) for __rt_lib_init_user_alloc_1
    libspace.o(.text) refers to libspace.o(.bss) for __libspace_start
    rtexit.o(.ARM.Collect$$rtexit$$00000000) refers (Special) to rtexit2.o(.ARM.Collect$$rtexit$$00000004) for __rt_exit_exit
    rtexit.o(.ARM.Collect$$rtexit$$00000000) refers (Special) to rtexit2.o(.ARM.Collect$$rtexit$$00000003) for __rt_exit_ls
    rtexit.o(.ARM.Collect$$rtexit$$00000000) refers (Special) to rtexit2.o(.ARM.Collect$$rtexit$$00000002) for __rt_exit_prels_1
    rtexit.o(.ARM.exidx) refers (Special) to rtexit2.o(.ARM.Collect$$rtexit$$00000004) for __rt_exit_exit
    rtexit.o(.ARM.exidx) refers (Special) to rtexit2.o(.ARM.Collect$$rtexit$$00000003) for __rt_exit_ls
    rtexit.o(.ARM.exidx) refers (Special) to rtexit2.o(.ARM.Collect$$rtexit$$00000002) for __rt_exit_prels_1
    rtexit.o(.ARM.exidx) refers to rtexit.o(.ARM.Collect$$rtexit$$00000000) for .ARM.Collect$$rtexit$$00000000
    libinit2.o(.ARM.Collect$$libinit$$00000001) refers to fpinit.o(x$fpl$fpinit) for _fp_init
    libinit2.o(.ARM.Collect$$libinit$$00000012) refers to libinit2.o(.ARM.Collect$$libinit$$00000011) for .ARM.Collect$$libinit$$00000011
    libinit2.o(.ARM.Collect$$libinit$$00000014) refers to libinit2.o(.ARM.Collect$$libinit$$00000011) for .ARM.Collect$$libinit$$00000011
    libinit2.o(.ARM.Collect$$libinit$$00000016) refers to libinit2.o(.ARM.Collect$$libinit$$00000011) for .ARM.Collect$$libinit$$00000011
    libinit2.o(.ARM.Collect$$libinit$$00000018) refers to libinit2.o(.ARM.Collect$$libinit$$00000011) for .ARM.Collect$$libinit$$00000011
    libinit2.o(.ARM.Collect$$libinit$$0000001A) refers to libinit2.o(.ARM.Collect$$libinit$$00000011) for .ARM.Collect$$libinit$$00000011
    libinit2.o(.ARM.Collect$$libinit$$00000028) refers to argv_veneer.o(.emb_text) for __ARM_argv_veneer
    libinit2.o(.ARM.Collect$$libinit$$00000029) refers to argv_veneer.o(.emb_text) for __ARM_argv_veneer
    rtexit2.o(.ARM.Collect$$rtexit$$00000003) refers to libshutdown.o(.ARM.Collect$$libshutdown$$00000000) for __rt_lib_shutdown
    rtexit2.o(.ARM.Collect$$rtexit$$00000004) refers to sys_exit.o(.text) for _sys_exit
    rtexit2.o(.ARM.exidx) refers to rtexit2.o(.ARM.Collect$$rtexit$$00000001) for .ARM.Collect$$rtexit$$00000001
    rtexit2.o(.ARM.exidx) refers to rtexit2.o(.ARM.Collect$$rtexit$$00000003) for .ARM.Collect$$rtexit$$00000003
    rtexit2.o(.ARM.exidx) refers to rtexit2.o(.ARM.Collect$$rtexit$$00000004) for .ARM.Collect$$rtexit$$00000004
    argv_veneer.o(.emb_text) refers to no_argv.o(.text) for __ARM_get_argv
    sys_exit.o(.text) refers (Special) to use_no_semi.o(.text) for __I$use$semihosting
    sys_exit.o(.text) refers (Special) to indicate_semi.o(.text) for __semihosting_library_function
    sys_exit_hlt.o(.text) refers (Special) to use_no_semi.o(.text) for __I$use$semihosting
    sys_exit_hlt.o(.text) refers (Special) to indicate_semi.o(.text) for __semihosting_library_function
    _get_argv_nomalloc.o(.text) refers (Special) to hrguard.o(.text) for __heap_region$guard
    _get_argv_nomalloc.o(.text) refers to defsig_rtmem_outer.o(.text) for __rt_SIGRTMEM
    _get_argv_nomalloc.o(.text) refers to sys_command.o(.text) for _sys_command_string
    libshutdown.o(.ARM.Collect$$libshutdown$$00000000) refers (Special) to libshutdown2.o(.ARM.Collect$$libshutdown$$00000002) for __rt_lib_shutdown_cpp_1
    libshutdown.o(.ARM.Collect$$libshutdown$$00000000) refers (Special) to libshutdown2.o(.ARM.Collect$$libshutdown$$00000007) for __rt_lib_shutdown_fp_trap_1
    libshutdown.o(.ARM.Collect$$libshutdown$$00000000) refers (Special) to libshutdown2.o(.ARM.Collect$$libshutdown$$0000000F) for __rt_lib_shutdown_heap_1
    libshutdown.o(.ARM.Collect$$libshutdown$$00000000) refers (Special) to libshutdown2.o(.ARM.Collect$$libshutdown$$00000010) for __rt_lib_shutdown_return
    libshutdown.o(.ARM.Collect$$libshutdown$$00000000) refers (Special) to libshutdown2.o(.ARM.Collect$$libshutdown$$0000000A) for __rt_lib_shutdown_signal_1
    libshutdown.o(.ARM.Collect$$libshutdown$$00000000) refers (Special) to libshutdown2.o(.ARM.Collect$$libshutdown$$00000004) for __rt_lib_shutdown_stdio_1
    libshutdown.o(.ARM.Collect$$libshutdown$$00000000) refers (Special) to libshutdown2.o(.ARM.Collect$$libshutdown$$0000000C) for __rt_lib_shutdown_user_alloc_1
    sys_command.o(.text) refers (Special) to use_no_semi.o(.text) for __I$use$semihosting
    sys_command.o(.text) refers (Special) to indicate_semi.o(.text) for __semihosting_library_function
    sys_command_hlt.o(.text) refers (Special) to use_no_semi.o(.text) for __I$use$semihosting
    sys_command_hlt.o(.text) refers (Special) to indicate_semi.o(.text) for __semihosting_library_function
    defsig_rtmem_outer.o(.text) refers to defsig_rtmem_inner.o(.text) for __rt_SIGRTMEM_inner
    defsig_rtmem_outer.o(.text) refers to defsig_exit.o(.text) for __sig_exit
    defsig_rtmem_formal.o(.text) refers to rt_raise.o(.text) for __rt_raise
    rt_raise.o(.text) refers to __raise.o(.text) for __raise
    rt_raise.o(.text) refers to sys_exit.o(.text) for _sys_exit
    defsig_exit.o(.text) refers to sys_exit.o(.text) for _sys_exit
    defsig_rtmem_inner.o(.text) refers to defsig_general.o(.text) for __default_signal_display
    __raise.o(.text) refers to defsig.o(CL$$defsig) for __default_signal_handler
    defsig_general.o(.text) refers to sys_wrch.o(.text) for _ttywrch
    sys_wrch.o(.text) refers (Special) to use_no_semi.o(.text) for __I$use$semihosting
    sys_wrch.o(.text) refers (Special) to indicate_semi.o(.text) for __semihosting_library_function
    sys_wrch_hlt.o(.text) refers (Special) to use_no_semi.o(.text) for __I$use$semihosting
    sys_wrch_hlt.o(.text) refers (Special) to indicate_semi.o(.text) for __semihosting_library_function
    defsig.o(CL$$defsig) refers to defsig_rtmem_inner.o(.text) for __rt_SIGRTMEM_inner
    defsig_abrt_inner.o(.text) refers to defsig_general.o(.text) for __default_signal_display
    defsig_fpe_inner.o(.text) refers to defsig_general.o(.text) for __default_signal_display
    defsig_rtred_inner.o(.text) refers to defsig_general.o(.text) for __default_signal_display
    defsig_stak_inner.o(.text) refers to defsig_general.o(.text) for __default_signal_display
    defsig_pvfn_inner.o(.text) refers to defsig_general.o(.text) for __default_signal_display
    defsig_cppl_inner.o(.text) refers to defsig_general.o(.text) for __default_signal_display
    defsig_segv_inner.o(.text) refers to defsig_general.o(.text) for __default_signal_display
    defsig_other.o(.text) refers to defsig_general.o(.text) for __default_signal_display


==============================================================================

Removing Unused input sections from the image.

    Removing main.o(.text), (0 bytes).
    Removing main.o(.ARM.exidx.text.setup), (8 bytes).
    Removing main.o(.ARM.exidx.text.NSTraffic), (8 bytes).
    Removing main.o(.ARM.exidx.text.EWTraffic), (8 bytes).
    Removing main.o(.ARM.exidx.text.PedCrossWalk), (8 bytes).
    Removing main.o(.ARM.exidx.text.main), (8 bytes).
    Removing main.o(.ARM.use_no_argv), (4 bytes).
    Removing system_tm4c123.o(.text), (0 bytes).
    Removing system_tm4c123.o(.text.SystemCoreClockUpdate), (326 bytes).
    Removing system_tm4c123.o(.ARM.exidx.text.SystemCoreClockUpdate), (8 bytes).
    Removing system_tm4c123.o(.text.getOscClk), (360 bytes).
    Removing system_tm4c123.o(.ARM.exidx.text.getOscClk), (8 bytes).
    Removing system_tm4c123.o(.ARM.exidx.text.SystemInit), (8 bytes).
    Removing system_tm4c123.o(.data.SystemCoreClock), (4 bytes).
    Removing gpio.o(i.GPIOADCTriggerDisable), (14 bytes).
    Removing gpio.o(i.GPIOADCTriggerEnable), (14 bytes).
    Removing gpio.o(i.GPIODMATriggerDisable), (14 bytes).
    Removing gpio.o(i.GPIODMATriggerEnable), (14 bytes).
    Removing gpio.o(i.GPIODirModeGet), (34 bytes).
    Removing gpio.o(i.GPIOIntClear), (6 bytes).
    Removing gpio.o(i.GPIOIntDisable), (14 bytes).
    Removing gpio.o(i.GPIOIntEnable), (14 bytes).
    Removing gpio.o(i.GPIOIntRegister), (56 bytes).
    Removing gpio.o(i.GPIOIntStatus), (14 bytes).
    Removing gpio.o(i.GPIOIntTypeGet), (68 bytes).
    Removing gpio.o(i.GPIOIntTypeSet), (80 bytes).
    Removing gpio.o(i.GPIOIntUnregister), (52 bytes).
    Removing gpio.o(i.GPIOPadConfigGet), (140 bytes).
    Removing gpio.o(i.GPIOPinConfigure), (72 bytes).
    Removing gpio.o(i.GPIOPinTypeADC), (28 bytes).
    Removing gpio.o(i.GPIOPinTypeCAN), (28 bytes).
    Removing gpio.o(i.GPIOPinTypeComparator), (28 bytes).
    Removing gpio.o(i.GPIOPinTypeEPI), (28 bytes).
    Removing gpio.o(i.GPIOPinTypeEthernetLED), (28 bytes).
    Removing gpio.o(i.GPIOPinTypeEthernetMII), (28 bytes).
    Removing gpio.o(i.GPIOPinTypeFan), (28 bytes).
    Removing gpio.o(i.GPIOPinTypeGPIOOutputOD), (28 bytes).
    Removing gpio.o(i.GPIOPinTypeI2C), (28 bytes).
    Removing gpio.o(i.GPIOPinTypeI2CSCL), (28 bytes).
    Removing gpio.o(i.GPIOPinTypeLPC), (28 bytes).
    Removing gpio.o(i.GPIOPinTypePECIRx), (28 bytes).
    Removing gpio.o(i.GPIOPinTypePECITx), (28 bytes).
    Removing gpio.o(i.GPIOPinTypePWM), (28 bytes).
    Removing gpio.o(i.GPIOPinTypeQEI), (28 bytes).
    Removing gpio.o(i.GPIOPinTypeSSI), (28 bytes).
    Removing gpio.o(i.GPIOPinTypeTimer), (28 bytes).
    Removing gpio.o(i.GPIOPinTypeUART), (28 bytes).
    Removing gpio.o(i.GPIOPinTypeUSBAnalog), (28 bytes).
    Removing gpio.o(i.GPIOPinTypeUSBDigital), (28 bytes).
    Removing gpio.o(.constdata), (312 bytes).
    Removing sysctl.o(i.SysCtlADCSpeedGet), (16 bytes).
    Removing sysctl.o(i.SysCtlADCSpeedSet), (28 bytes).
    Removing sysctl.o(i.SysCtlClockGet), (268 bytes).
    Removing sysctl.o(i.SysCtlClockSet), (284 bytes).
    Removing sysctl.o(i.SysCtlDeepSleep), (32 bytes).
    Removing sysctl.o(i.SysCtlDeepSleepClockSet), (12 bytes).
    Removing sysctl.o(i.SysCtlFlashSizeGet), (20 bytes).
    Removing sysctl.o(i.SysCtlGPIOAHBDisable), (28 bytes).
    Removing sysctl.o(i.SysCtlGPIOAHBEnable), (24 bytes).
    Removing sysctl.o(i.SysCtlIntClear), (12 bytes).
    Removing sysctl.o(i.SysCtlIntDisable), (16 bytes).
    Removing sysctl.o(i.SysCtlIntEnable), (16 bytes).
    Removing sysctl.o(i.SysCtlIntRegister), (20 bytes).
    Removing sysctl.o(i.SysCtlIntStatus), (16 bytes).
    Removing sysctl.o(i.SysCtlIntUnregister), (18 bytes).
    Removing sysctl.o(i.SysCtlMOSCConfigSet), (12 bytes).
    Removing sysctl.o(i.SysCtlPIOSCCalibrate), (76 bytes).
    Removing sysctl.o(i.SysCtlPWMClockGet), (24 bytes).
    Removing sysctl.o(i.SysCtlPWMClockSet), (20 bytes).
    Removing sysctl.o(i.SysCtlPeripheralClockGating), (24 bytes).
    Removing sysctl.o(i.SysCtlPeripheralDeepSleepDisable), (40 bytes).
    Removing sysctl.o(i.SysCtlPeripheralDeepSleepEnable), (40 bytes).
    Removing sysctl.o(i.SysCtlPeripheralDisable), (40 bytes).
    Removing sysctl.o(i.SysCtlPeripheralPowerOff), (40 bytes).
    Removing sysctl.o(i.SysCtlPeripheralPowerOn), (40 bytes).
    Removing sysctl.o(i.SysCtlPeripheralPresent), (44 bytes).
    Removing sysctl.o(i.SysCtlPeripheralReset), (60 bytes).
    Removing sysctl.o(i.SysCtlPeripheralSleepDisable), (40 bytes).
    Removing sysctl.o(i.SysCtlPeripheralSleepEnable), (40 bytes).
    Removing sysctl.o(i.SysCtlReset), (16 bytes).
    Removing sysctl.o(i.SysCtlResetCauseClear), (16 bytes).
    Removing sysctl.o(i.SysCtlResetCauseGet), (12 bytes).
    Removing sysctl.o(i.SysCtlSRAMSizeGet), (16 bytes).
    Removing sysctl.o(i.SysCtlSleep), (4 bytes).
    Removing sysctl.o(i.SysCtlUSBPLLDisable), (16 bytes).
    Removing sysctl.o(i.SysCtlUSBPLLEnable), (16 bytes).
    Removing sysctl.o(.constdata), (108 bytes).
    Removing sysctl.o(.data), (4 bytes).
    Removing sysctl.o(.data), (4 bytes).
    Removing sysctl.o(.data), (4 bytes).
    Removing sysctl.o(.data), (4 bytes).
    Removing sysctl.o(.data), (1 bytes).
    Removing cpu.o(.emb_text), (38 bytes).
    Removing interrupt.o(i.IntDisable), (100 bytes).
    Removing interrupt.o(i.IntEnable), (100 bytes).
    Removing interrupt.o(i.IntIsEnabled), (96 bytes).
    Removing interrupt.o(i.IntMasterDisable), (14 bytes).
    Removing interrupt.o(i.IntMasterEnable), (14 bytes).
    Removing interrupt.o(i.IntPendClear), (68 bytes).
    Removing interrupt.o(i.IntPendSet), (84 bytes).
    Removing interrupt.o(i.IntPriorityGet), (28 bytes).
    Removing interrupt.o(i.IntPriorityGroupingGet), (36 bytes).
    Removing interrupt.o(i.IntPriorityGroupingSet), (28 bytes).
    Removing interrupt.o(i.IntPriorityMaskGet), (4 bytes).
    Removing interrupt.o(i.IntPriorityMaskSet), (4 bytes).
    Removing interrupt.o(i.IntPrioritySet), (40 bytes).
    Removing interrupt.o(i.IntRegister), (52 bytes).
    Removing interrupt.o(i.IntTrigger), (12 bytes).
    Removing interrupt.o(i.IntUnregister), (20 bytes).
    Removing interrupt.o(i._IntDefaultHandler), (2 bytes).
    Removing interrupt.o(.constdata), (268 bytes).
    Removing interrupt.o(vtable), (620 bytes).

112 unused section(s) (total 5435 bytes) removed from the image.

==============================================================================

Image Symbol Table

    Local Symbols

    Symbol Name                              Value     Ov Type        Size  Object(Section)

    ../clib/angel/boardlib.s                 0x00000000   Number         0  boardinit1.o ABSOLUTE
    ../clib/angel/boardlib.s                 0x00000000   Number         0  boardinit2.o ABSOLUTE
    ../clib/angel/boardlib.s                 0x00000000   Number         0  boardinit3.o ABSOLUTE
    ../clib/angel/boardlib.s                 0x00000000   Number         0  boardshut.o ABSOLUTE
    ../clib/angel/handlers.s                 0x00000000   Number         0  __scatter_zi.o ABSOLUTE
    ../clib/angel/kernel.s                   0x00000000   Number         0  __rtentry.o ABSOLUTE
    ../clib/angel/kernel.s                   0x00000000   Number         0  __rtentry2.o ABSOLUTE
    ../clib/angel/kernel.s                   0x00000000   Number         0  __rtentry4.o ABSOLUTE
    ../clib/angel/kernel.s                   0x00000000   Number         0  rtexit.o ABSOLUTE
    ../clib/angel/kernel.s                   0x00000000   Number         0  rtexit2.o ABSOLUTE
    ../clib/angel/rt.s                       0x00000000   Number         0  rt_raise.o ABSOLUTE
    ../clib/angel/scatter.s                  0x00000000   Number         0  __scatter.o ABSOLUTE
    ../clib/angel/startup.s                  0x00000000   Number         0  __main.o ABSOLUTE
    ../clib/angel/sys.s                      0x00000000   Number         0  sys_stackheap_outer.o ABSOLUTE
    ../clib/angel/sys.s                      0x00000000   Number         0  libspace.o ABSOLUTE
    ../clib/angel/sys.s                      0x00000000   Number         0  use_no_semi.o ABSOLUTE
    ../clib/angel/sys.s                      0x00000000   Number         0  indicate_semi.o ABSOLUTE
    ../clib/angel/sysapp.c                   0x00000000   Number         0  sys_exit.o ABSOLUTE
    ../clib/angel/sysapp.c                   0x00000000   Number         0  sys_exit_hlt.o ABSOLUTE
    ../clib/angel/sysapp.c                   0x00000000   Number         0  sys_command.o ABSOLUTE
    ../clib/angel/sysapp.c                   0x00000000   Number         0  sys_command_hlt.o ABSOLUTE
    ../clib/angel/sysapp.c                   0x00000000   Number         0  sys_wrch.o ABSOLUTE
    ../clib/angel/sysapp.c                   0x00000000   Number         0  sys_wrch_hlt.o ABSOLUTE
    ../clib/armsys.c                         0x00000000   Number         0  argv_veneer.o ABSOLUTE
    ../clib/armsys.c                         0x00000000   Number         0  argv_veneer.o ABSOLUTE
    ../clib/armsys.c                         0x00000000   Number         0  _get_argv_nomalloc.o ABSOLUTE
    ../clib/armsys.c                         0x00000000   Number         0  no_argv.o ABSOLUTE
    ../clib/heapalloc.c                      0x00000000   Number         0  hrguard.o ABSOLUTE
    ../clib/heapaux.c                        0x00000000   Number         0  heapauxi.o ABSOLUTE
    ../clib/libinit.s                        0x00000000   Number         0  libinit.o ABSOLUTE
    ../clib/libinit.s                        0x00000000   Number         0  libinit2.o ABSOLUTE
    ../clib/libinit.s                        0x00000000   Number         0  libshutdown.o ABSOLUTE
    ../clib/libinit.s                        0x00000000   Number         0  libshutdown2.o ABSOLUTE
    ../clib/signal.c                         0x00000000   Number         0  defsig_rtmem_outer.o ABSOLUTE
    ../clib/signal.c                         0x00000000   Number         0  defsig_rtmem_formal.o ABSOLUTE
    ../clib/signal.c                         0x00000000   Number         0  defsig_exit.o ABSOLUTE
    ../clib/signal.c                         0x00000000   Number         0  defsig_rtmem_inner.o ABSOLUTE
    ../clib/signal.c                         0x00000000   Number         0  __raise.o ABSOLUTE
    ../clib/signal.c                         0x00000000   Number         0  defsig_general.o ABSOLUTE
    ../clib/signal.c                         0x00000000   Number         0  defsig_abrt_inner.o ABSOLUTE
    ../clib/signal.c                         0x00000000   Number         0  defsig_fpe_inner.o ABSOLUTE
    ../clib/signal.c                         0x00000000   Number         0  defsig_rtred_inner.o ABSOLUTE
    ../clib/signal.c                         0x00000000   Number         0  defsig_stak_inner.o ABSOLUTE
    ../clib/signal.c                         0x00000000   Number         0  defsig_pvfn_inner.o ABSOLUTE
    ../clib/signal.c                         0x00000000   Number         0  defsig_cppl_inner.o ABSOLUTE
    ../clib/signal.c                         0x00000000   Number         0  defsig_segv_inner.o ABSOLUTE
    ../clib/signal.c                         0x00000000   Number         0  defsig_other.o ABSOLUTE
    ../clib/signal.s                         0x00000000   Number         0  defsig.o ABSOLUTE
    ../clib/stdlib.c                         0x00000000   Number         0  exit.o ABSOLUTE
    ../fplib/fpinit.s                        0x00000000   Number         0  fpinit.o ABSOLUTE
    RTE/Device/TM4C123GH6PM/startup_TM4C123.s 0x00000000   Number         0  startup_tm4c123.o ABSOLUTE
    cpu.c                                    0x00000000   Number         0  cpu.o ABSOLUTE
    cpu.c                                    0x00000000   Number         0  cpu.o ABSOLUTE
    dc.s                                     0x00000000   Number         0  dc.o ABSOLUTE
    gpio.c                                   0x00000000   Number         0  gpio.o ABSOLUTE
    interrupt.c                              0x00000000   Number         0  interrupt.o ABSOLUTE
    main.c                                   0x00000000   Number         0  main.o ABSOLUTE
    sysctl.c                                 0x00000000   Number         0  sysctl.o ABSOLUTE
    sysctl.c                                 0x00000000   Number         0  sysctl.o ABSOLUTE
    system_TM4C123.c                         0x00000000   Number         0  system_tm4c123.o ABSOLUTE
    RESET                                    0x00000000   Section      620  startup_tm4c123.o(RESET)
    !!!main                                  0x0000026c   Section        8  __main.o(!!!main)
    !!!scatter                               0x00000274   Section       92  __scatter.o(!!!scatter)
    !!handler_null                           0x000002d0   Section        2  __scatter.o(!!handler_null)
    !!handler_zi                             0x000002d4   Section       28  __scatter_zi.o(!!handler_zi)
    .ARM.Collect$$libinit$$00000000          0x000002f0   Section        2  libinit.o(.ARM.Collect$$libinit$$00000000)
    .ARM.Collect$$libinit$$00000001          0x000002f2   Section        4  libinit2.o(.ARM.Collect$$libinit$$00000001)
    .ARM.Collect$$libinit$$00000004          0x000002f6   Section        0  libinit2.o(.ARM.Collect$$libinit$$00000004)
    .ARM.Collect$$libinit$$00000006          0x000002f6   Section        0  libinit2.o(.ARM.Collect$$libinit$$00000006)
    .ARM.Collect$$libinit$$0000000C          0x000002f6   Section        0  libinit2.o(.ARM.Collect$$libinit$$0000000C)
    .ARM.Collect$$libinit$$0000000E          0x000002f6   Section        0  libinit2.o(.ARM.Collect$$libinit$$0000000E)
    .ARM.Collect$$libinit$$00000010          0x000002f6   Section        0  libinit2.o(.ARM.Collect$$libinit$$00000010)
    .ARM.Collect$$libinit$$00000013          0x000002f6   Section        0  libinit2.o(.ARM.Collect$$libinit$$00000013)
    .ARM.Collect$$libinit$$00000015          0x000002f6   Section        0  libinit2.o(.ARM.Collect$$libinit$$00000015)
    .ARM.Collect$$libinit$$00000017          0x000002f6   Section        0  libinit2.o(.ARM.Collect$$libinit$$00000017)
    .ARM.Collect$$libinit$$00000019          0x000002f6   Section        0  libinit2.o(.ARM.Collect$$libinit$$00000019)
    .ARM.Collect$$libinit$$0000001B          0x000002f6   Section        0  libinit2.o(.ARM.Collect$$libinit$$0000001B)
    .ARM.Collect$$libinit$$0000001D          0x000002f6   Section        0  libinit2.o(.ARM.Collect$$libinit$$0000001D)
    .ARM.Collect$$libinit$$0000001F          0x000002f6   Section        0  libinit2.o(.ARM.Collect$$libinit$$0000001F)
    .ARM.Collect$$libinit$$00000021          0x000002f6   Section        0  libinit2.o(.ARM.Collect$$libinit$$00000021)
    .ARM.Collect$$libinit$$00000023          0x000002f6   Section        0  libinit2.o(.ARM.Collect$$libinit$$00000023)
    .ARM.Collect$$libinit$$00000025          0x000002f6   Section        0  libinit2.o(.ARM.Collect$$libinit$$00000025)
    .ARM.Collect$$libinit$$00000027          0x000002f6   Section        0  libinit2.o(.ARM.Collect$$libinit$$00000027)
    .ARM.Collect$$libinit$$0000002E          0x000002f6   Section        0  libinit2.o(.ARM.Collect$$libinit$$0000002E)
    .ARM.Collect$$libinit$$00000030          0x000002f6   Section        0  libinit2.o(.ARM.Collect$$libinit$$00000030)
    .ARM.Collect$$libinit$$00000032          0x000002f6   Section        0  libinit2.o(.ARM.Collect$$libinit$$00000032)
    .ARM.Collect$$libinit$$00000034          0x000002f6   Section        0  libinit2.o(.ARM.Collect$$libinit$$00000034)
    .ARM.Collect$$libinit$$00000035          0x000002f6   Section        2  libinit2.o(.ARM.Collect$$libinit$$00000035)
    .ARM.Collect$$libshutdown$$00000000      0x000002f8   Section        2  libshutdown.o(.ARM.Collect$$libshutdown$$00000000)
    .ARM.Collect$$libshutdown$$00000002      0x000002fa   Section        0  libshutdown2.o(.ARM.Collect$$libshutdown$$00000002)
    .ARM.Collect$$libshutdown$$00000004      0x000002fa   Section        0  libshutdown2.o(.ARM.Collect$$libshutdown$$00000004)
    .ARM.Collect$$libshutdown$$00000007      0x000002fa   Section        0  libshutdown2.o(.ARM.Collect$$libshutdown$$00000007)
    .ARM.Collect$$libshutdown$$0000000A      0x000002fa   Section        0  libshutdown2.o(.ARM.Collect$$libshutdown$$0000000A)
    .ARM.Collect$$libshutdown$$0000000C      0x000002fa   Section        0  libshutdown2.o(.ARM.Collect$$libshutdown$$0000000C)
    .ARM.Collect$$libshutdown$$0000000F      0x000002fa   Section        0  libshutdown2.o(.ARM.Collect$$libshutdown$$0000000F)
    .ARM.Collect$$libshutdown$$00000010      0x000002fa   Section        2  libshutdown2.o(.ARM.Collect$$libshutdown$$00000010)
    .ARM.Collect$$rtentry$$00000000          0x000002fc   Section        0  __rtentry.o(.ARM.Collect$$rtentry$$00000000)
    .ARM.Collect$$rtentry$$00000002          0x000002fc   Section        0  __rtentry2.o(.ARM.Collect$$rtentry$$00000002)
    .ARM.Collect$$rtentry$$00000004          0x000002fc   Section        6  __rtentry4.o(.ARM.Collect$$rtentry$$00000004)
    .ARM.Collect$$rtentry$$00000009          0x00000302   Section        0  __rtentry2.o(.ARM.Collect$$rtentry$$00000009)
    .ARM.Collect$$rtentry$$0000000A          0x00000302   Section        4  __rtentry2.o(.ARM.Collect$$rtentry$$0000000A)
    .ARM.Collect$$rtentry$$0000000C          0x00000306   Section        0  __rtentry2.o(.ARM.Collect$$rtentry$$0000000C)
    .ARM.Collect$$rtentry$$0000000D          0x00000306   Section        8  __rtentry2.o(.ARM.Collect$$rtentry$$0000000D)
    .ARM.Collect$$rtexit$$00000000           0x0000030e   Section        2  rtexit.o(.ARM.Collect$$rtexit$$00000000)
    .ARM.Collect$$rtexit$$00000002           0x00000310   Section        0  rtexit2.o(.ARM.Collect$$rtexit$$00000002)
    .ARM.Collect$$rtexit$$00000003           0x00000310   Section        4  rtexit2.o(.ARM.Collect$$rtexit$$00000003)
    .ARM.Collect$$rtexit$$00000004           0x00000314   Section        6  rtexit2.o(.ARM.Collect$$rtexit$$00000004)
    $v0                                      0x0000031c   Number         0  sysctl.o(.emb_text)
    .emb_text                                0x0000031c   Section        6  sysctl.o(.emb_text)
    $v0                                      0x00000324   Number         0  startup_tm4c123.o(.text)
    .text                                    0x00000324   Section      276  startup_tm4c123.o(.text)
    .text                                    0x00000438   Section        0  heapauxi.o(.text)
    .text                                    0x0000043e   Section       74  sys_stackheap_outer.o(.text)
    .text                                    0x00000488   Section        0  exit.o(.text)
    .text                                    0x0000049c   Section        8  libspace.o(.text)
    .text                                    0x000004a4   Section        0  sys_exit.o(.text)
    .text                                    0x000004b0   Section        2  use_no_semi.o(.text)
    .text                                    0x000004b2   Section        0  indicate_semi.o(.text)
    [Anonymous Symbol]                       0x000004b4   Section        0  main.o(.text.EWTraffic)
    [Anonymous Symbol]                       0x00000580   Section        0  main.o(.text.NSTraffic)
    [Anonymous Symbol]                       0x00000648   Section        0  main.o(.text.PedCrossWalk)
    [Anonymous Symbol]                       0x00000830   Section        0  system_tm4c123.o(.text.SystemInit)
    [Anonymous Symbol]                       0x0000093c   Section        0  main.o(.text.main)
    [Anonymous Symbol]                       0x000009e8   Section        0  main.o(.text.setup)
    i.GPIODirModeSet                         0x00000b10   Section        0  gpio.o(i.GPIODirModeSet)
    i.GPIOPadConfigSet                       0x00000b38   Section        0  gpio.o(i.GPIOPadConfigSet)
    i.GPIOPinRead                            0x00000be8   Section        0  gpio.o(i.GPIOPinRead)
    i.GPIOPinTypeGPIOInput                   0x00000bee   Section        0  gpio.o(i.GPIOPinTypeGPIOInput)
    i.GPIOPinTypeGPIOOutput                  0x00000c0a   Section        0  gpio.o(i.GPIOPinTypeGPIOOutput)
    i.GPIOPinWrite                           0x00000c26   Section        0  gpio.o(i.GPIOPinWrite)
    i.SysCtlPeripheralEnable                 0x00000c2c   Section        0  sysctl.o(i.SysCtlPeripheralEnable)
    i.SysCtlPeripheralReady                  0x00000c54   Section        0  sysctl.o(i.SysCtlPeripheralReady)
    $v0                                      0x00000c80   Number         0  fpinit.o(x$fpl$fpinit)
    x$fpl$fpinit                             0x00000c80   Section       26  fpinit.o(x$fpl$fpinit)
    .bss                                     0x20000000   Section       96  libspace.o(.bss)
    Heap_Mem                                 0x20000070   Data           0  startup_tm4c123.o(HEAP)
    Stack_Mem                                0x20000070   Data         512  startup_tm4c123.o(STACK)
    HEAP                                     0x20000070   Section        0  startup_tm4c123.o(HEAP)
    STACK                                    0x20000070   Section      512  startup_tm4c123.o(STACK)
    __initial_sp                             0x20000270   Data           0  startup_tm4c123.o(STACK)

    Global Symbols

    Symbol Name                              Value     Ov Type        Size  Object(Section)

    BuildAttributes$$THM_ISAv4$E$P$D$K$B$S$7EM$VFPi3$EXTD16$VFPS$VFMA$PE$A:L22UL41UL21$X:L11$S22US41US21$IEEE1$IW$~IW$USESV6$~STKCKD$USESV7$~SHL$OTIME$ROPI$EBA8$UX$STANDARDLIB$REQ8$PRES8$EABIv2 0x00000000   Number         0  anon$$obj.o ABSOLUTE
    __Vectors                                0x00000000   Data           4  startup_tm4c123.o(RESET)
    __ARM_exceptions_init                     - Undefined Weak Reference
    __alloca_initialize                       - Undefined Weak Reference
    __arm_preinit_                            - Undefined Weak Reference
    __arm_relocate_pie_                       - Undefined Weak Reference
    __cpp_initialize__aeabi_                  - Undefined Weak Reference
    __cxa_finalize                            - Undefined Weak Reference
    __rt_locale                               - Undefined Weak Reference
    __sigvec_lookup                           - Undefined Weak Reference
    _atexit_init                              - Undefined Weak Reference
    _call_atexit_fns                          - Undefined Weak Reference
    _clock_init                               - Undefined Weak Reference
    _fp_trap_init                             - Undefined Weak Reference
    _fp_trap_shutdown                         - Undefined Weak Reference
    _get_lc_collate                           - Undefined Weak Reference
    _get_lc_ctype                             - Undefined Weak Reference
    _get_lc_monetary                          - Undefined Weak Reference
    _get_lc_numeric                           - Undefined Weak Reference
    _get_lc_time                              - Undefined Weak Reference
    _getenv_init                              - Undefined Weak Reference
    _handle_redirection                       - Undefined Weak Reference
    _init_alloc                               - Undefined Weak Reference
    _init_user_alloc                          - Undefined Weak Reference
    _initio                                   - Undefined Weak Reference
    _rand_init                                - Undefined Weak Reference
    _signal_finish                            - Undefined Weak Reference
    _signal_init                              - Undefined Weak Reference
    _terminate_alloc                          - Undefined Weak Reference
    _terminate_user_alloc                     - Undefined Weak Reference
    _terminateio                              - Undefined Weak Reference
    __Vectors_End                            0x0000026c   Data           0  startup_tm4c123.o(RESET)
    __Vectors_Size                           0x0000026c   Number         0  startup_tm4c123.o ABSOLUTE
    __main                                   0x0000026d   Thumb Code     8  __main.o(!!!main)
    __scatterload                            0x00000275   Thumb Code     0  __scatter.o(!!!scatter)
    __scatterload_rt2                        0x00000275   Thumb Code    84  __scatter.o(!!!scatter)
    __scatterload_rt2_thumb_only             0x00000275   Thumb Code     0  __scatter.o(!!!scatter)
    __scatterload_loop                       0x0000027f   Thumb Code     0  __scatter.o(!!!scatter)
    __scatterload_null                       0x000002d1   Thumb Code     2  __scatter.o(!!handler_null)
    __scatterload_zeroinit                   0x000002d5   Thumb Code    28  __scatter_zi.o(!!handler_zi)
    __rt_lib_init                            0x000002f1   Thumb Code     0  libinit.o(.ARM.Collect$$libinit$$00000000)
    __rt_lib_init_fp_1                       0x000002f3   Thumb Code     0  libinit2.o(.ARM.Collect$$libinit$$00000001)
    __rt_lib_init_alloca_1                   0x000002f7   Thumb Code     0  libinit2.o(.ARM.Collect$$libinit$$00000030)
    __rt_lib_init_argv_1                     0x000002f7   Thumb Code     0  libinit2.o(.ARM.Collect$$libinit$$0000002E)
    __rt_lib_init_atexit_1                   0x000002f7   Thumb Code     0  libinit2.o(.ARM.Collect$$libinit$$0000001D)
    __rt_lib_init_clock_1                    0x000002f7   Thumb Code     0  libinit2.o(.ARM.Collect$$libinit$$00000023)
    __rt_lib_init_cpp_1                      0x000002f7   Thumb Code     0  libinit2.o(.ARM.Collect$$libinit$$00000034)
    __rt_lib_init_exceptions_1               0x000002f7   Thumb Code     0  libinit2.o(.ARM.Collect$$libinit$$00000032)
    __rt_lib_init_fp_trap_1                  0x000002f7   Thumb Code     0  libinit2.o(.ARM.Collect$$libinit$$00000021)
    __rt_lib_init_getenv_1                   0x000002f7   Thumb Code     0  libinit2.o(.ARM.Collect$$libinit$$00000025)
    __rt_lib_init_heap_1                     0x000002f7   Thumb Code     0  libinit2.o(.ARM.Collect$$libinit$$0000000C)
    __rt_lib_init_lc_collate_1               0x000002f7   Thumb Code     0  libinit2.o(.ARM.Collect$$libinit$$00000013)
    __rt_lib_init_lc_ctype_1                 0x000002f7   Thumb Code     0  libinit2.o(.ARM.Collect$$libinit$$00000015)
    __rt_lib_init_lc_monetary_1              0x000002f7   Thumb Code     0  libinit2.o(.ARM.Collect$$libinit$$00000017)
    __rt_lib_init_lc_numeric_1               0x000002f7   Thumb Code     0  libinit2.o(.ARM.Collect$$libinit$$00000019)
    __rt_lib_init_lc_time_1                  0x000002f7   Thumb Code     0  libinit2.o(.ARM.Collect$$libinit$$0000001B)
    __rt_lib_init_preinit_1                  0x000002f7   Thumb Code     0  libinit2.o(.ARM.Collect$$libinit$$00000006)
    __rt_lib_init_rand_1                     0x000002f7   Thumb Code     0  libinit2.o(.ARM.Collect$$libinit$$00000010)
    __rt_lib_init_relocate_pie_1             0x000002f7   Thumb Code     0  libinit2.o(.ARM.Collect$$libinit$$00000004)
    __rt_lib_init_return                     0x000002f7   Thumb Code     0  libinit2.o(.ARM.Collect$$libinit$$00000035)
    __rt_lib_init_signal_1                   0x000002f7   Thumb Code     0  libinit2.o(.ARM.Collect$$libinit$$0000001F)
    __rt_lib_init_stdio_1                    0x000002f7   Thumb Code     0  libinit2.o(.ARM.Collect$$libinit$$00000027)
    __rt_lib_init_user_alloc_1               0x000002f7   Thumb Code     0  libinit2.o(.ARM.Collect$$libinit$$0000000E)
    __rt_lib_shutdown                        0x000002f9   Thumb Code     0  libshutdown.o(.ARM.Collect$$libshutdown$$00000000)
    __rt_lib_shutdown_cpp_1                  0x000002fb   Thumb Code     0  libshutdown2.o(.ARM.Collect$$libshutdown$$00000002)
    __rt_lib_shutdown_fp_trap_1              0x000002fb   Thumb Code     0  libshutdown2.o(.ARM.Collect$$libshutdown$$00000007)
    __rt_lib_shutdown_heap_1                 0x000002fb   Thumb Code     0  libshutdown2.o(.ARM.Collect$$libshutdown$$0000000F)
    __rt_lib_shutdown_return                 0x000002fb   Thumb Code     0  libshutdown2.o(.ARM.Collect$$libshutdown$$00000010)
    __rt_lib_shutdown_signal_1               0x000002fb   Thumb Code     0  libshutdown2.o(.ARM.Collect$$libshutdown$$0000000A)
    __rt_lib_shutdown_stdio_1                0x000002fb   Thumb Code     0  libshutdown2.o(.ARM.Collect$$libshutdown$$00000004)
    __rt_lib_shutdown_user_alloc_1           0x000002fb   Thumb Code     0  libshutdown2.o(.ARM.Collect$$libshutdown$$0000000C)
    __rt_entry                               0x000002fd   Thumb Code     0  __rtentry.o(.ARM.Collect$$rtentry$$00000000)
    __rt_entry_presh_1                       0x000002fd   Thumb Code     0  __rtentry2.o(.ARM.Collect$$rtentry$$00000002)
    __rt_entry_sh                            0x000002fd   Thumb Code     0  __rtentry4.o(.ARM.Collect$$rtentry$$00000004)
    __rt_entry_li                            0x00000303   Thumb Code     0  __rtentry2.o(.ARM.Collect$$rtentry$$0000000A)
    __rt_entry_postsh_1                      0x00000303   Thumb Code     0  __rtentry2.o(.ARM.Collect$$rtentry$$00000009)
    __rt_entry_main                          0x00000307   Thumb Code     0  __rtentry2.o(.ARM.Collect$$rtentry$$0000000D)
    __rt_entry_postli_1                      0x00000307   Thumb Code     0  __rtentry2.o(.ARM.Collect$$rtentry$$0000000C)
    __rt_exit                                0x0000030f   Thumb Code     0  rtexit.o(.ARM.Collect$$rtexit$$00000000)
    __rt_exit_ls                             0x00000311   Thumb Code     0  rtexit2.o(.ARM.Collect$$rtexit$$00000003)
    __rt_exit_prels_1                        0x00000311   Thumb Code     0  rtexit2.o(.ARM.Collect$$rtexit$$00000002)
    __rt_exit_exit                           0x00000315   Thumb Code     0  rtexit2.o(.ARM.Collect$$rtexit$$00000004)
    SysCtlDelay                              0x0000031d   Thumb Code     6  sysctl.o(.emb_text)
    Reset_Handler                            0x00000325   Thumb Code     8  startup_tm4c123.o(.text)
    NMI_Handler                              0x0000032d   Thumb Code     2  startup_tm4c123.o(.text)
    HardFault_Handler                        0x0000032f   Thumb Code     2  startup_tm4c123.o(.text)
    MemManage_Handler                        0x00000331   Thumb Code     2  startup_tm4c123.o(.text)
    BusFault_Handler                         0x00000333   Thumb Code     2  startup_tm4c123.o(.text)
    UsageFault_Handler                       0x00000335   Thumb Code     2  startup_tm4c123.o(.text)
    SVC_Handler                              0x00000337   Thumb Code     2  startup_tm4c123.o(.text)
    DebugMon_Handler                         0x00000339   Thumb Code     2  startup_tm4c123.o(.text)
    PendSV_Handler                           0x0000033b   Thumb Code     2  startup_tm4c123.o(.text)
    SysTick_Handler                          0x0000033d   Thumb Code     2  startup_tm4c123.o(.text)
    GPIOA_Handler                            0x0000033f   Thumb Code     2  startup_tm4c123.o(.text)
    GPIOB_Handler                            0x00000341   Thumb Code     2  startup_tm4c123.o(.text)
    GPIOC_Handler                            0x00000343   Thumb Code     2  startup_tm4c123.o(.text)
    GPIOD_Handler                            0x00000345   Thumb Code     2  startup_tm4c123.o(.text)
    GPIOE_Handler                            0x00000347   Thumb Code     2  startup_tm4c123.o(.text)
    UART0_Handler                            0x00000349   Thumb Code     2  startup_tm4c123.o(.text)
    UART1_Handler                            0x0000034b   Thumb Code     2  startup_tm4c123.o(.text)
    SSI0_Handler                             0x0000034d   Thumb Code     2  startup_tm4c123.o(.text)
    I2C0_Handler                             0x0000034f   Thumb Code     2  startup_tm4c123.o(.text)
    PMW0_FAULT_Handler                       0x00000351   Thumb Code     2  startup_tm4c123.o(.text)
    PWM0_0_Handler                           0x00000353   Thumb Code     2  startup_tm4c123.o(.text)
    PWM0_1_Handler                           0x00000355   Thumb Code     2  startup_tm4c123.o(.text)
    PWM0_2_Handler                           0x00000357   Thumb Code     2  startup_tm4c123.o(.text)
    QEI0_Handler                             0x00000359   Thumb Code     2  startup_tm4c123.o(.text)
    ADC0SS0_Handler                          0x0000035b   Thumb Code     2  startup_tm4c123.o(.text)
    ADC0SS1_Handler                          0x0000035d   Thumb Code     2  startup_tm4c123.o(.text)
    ADC0SS2_Handler                          0x0000035f   Thumb Code     2  startup_tm4c123.o(.text)
    ADC0SS3_Handler                          0x00000361   Thumb Code     2  startup_tm4c123.o(.text)
    WDT0_Handler                             0x00000363   Thumb Code     2  startup_tm4c123.o(.text)
    TIMER0A_Handler                          0x00000365   Thumb Code     2  startup_tm4c123.o(.text)
    TIMER0B_Handler                          0x00000367   Thumb Code     2  startup_tm4c123.o(.text)
    TIMER1A_Handler                          0x00000369   Thumb Code     2  startup_tm4c123.o(.text)
    TIMER1B_Handler                          0x0000036b   Thumb Code     2  startup_tm4c123.o(.text)
    TIMER2A_Handler                          0x0000036d   Thumb Code     2  startup_tm4c123.o(.text)
    TIMER2B_Handler                          0x0000036f   Thumb Code     2  startup_tm4c123.o(.text)
    COMP0_Handler                            0x00000371   Thumb Code     2  startup_tm4c123.o(.text)
    COMP1_Handler                            0x00000373   Thumb Code     2  startup_tm4c123.o(.text)
    COMP2_Handler                            0x00000375   Thumb Code     2  startup_tm4c123.o(.text)
    SYSCTL_Handler                           0x00000377   Thumb Code     2  startup_tm4c123.o(.text)
    FLASH_Handler                            0x00000379   Thumb Code     2  startup_tm4c123.o(.text)
    GPIOF_Handler                            0x0000037b   Thumb Code     2  startup_tm4c123.o(.text)
    GPIOG_Handler                            0x0000037d   Thumb Code     2  startup_tm4c123.o(.text)
    GPIOH_Handler                            0x0000037f   Thumb Code     2  startup_tm4c123.o(.text)
    UART2_Handler                            0x00000381   Thumb Code     2  startup_tm4c123.o(.text)
    SSI1_Handler                             0x00000383   Thumb Code     2  startup_tm4c123.o(.text)
    TIMER3A_Handler                          0x00000385   Thumb Code     2  startup_tm4c123.o(.text)
    TIMER3B_Handler                          0x00000387   Thumb Code     2  startup_tm4c123.o(.text)
    I2C1_Handler                             0x00000389   Thumb Code     2  startup_tm4c123.o(.text)
    QEI1_Handler                             0x0000038b   Thumb Code     2  startup_tm4c123.o(.text)
    CAN0_Handler                             0x0000038d   Thumb Code     2  startup_tm4c123.o(.text)
    CAN1_Handler                             0x0000038f   Thumb Code     2  startup_tm4c123.o(.text)
    CAN2_Handler                             0x00000391   Thumb Code     2  startup_tm4c123.o(.text)
    HIB_Handler                              0x00000393   Thumb Code     2  startup_tm4c123.o(.text)
    USB0_Handler                             0x00000395   Thumb Code     2  startup_tm4c123.o(.text)
    PWM0_3_Handler                           0x00000397   Thumb Code     2  startup_tm4c123.o(.text)
    UDMA_Handler                             0x00000399   Thumb Code     2  startup_tm4c123.o(.text)
    UDMAERR_Handler                          0x0000039b   Thumb Code     2  startup_tm4c123.o(.text)
    ADC1SS0_Handler                          0x0000039d   Thumb Code     2  startup_tm4c123.o(.text)
    ADC1SS1_Handler                          0x0000039f   Thumb Code     2  startup_tm4c123.o(.text)
    ADC1SS2_Handler                          0x000003a1   Thumb Code     2  startup_tm4c123.o(.text)
    ADC1SS3_Handler                          0x000003a3   Thumb Code     2  startup_tm4c123.o(.text)
    GPIOJ_Handler                            0x000003a5   Thumb Code     2  startup_tm4c123.o(.text)
    GPIOK_Handler                            0x000003a7   Thumb Code     2  startup_tm4c123.o(.text)
    GPIOL_Handler                            0x000003a9   Thumb Code     2  startup_tm4c123.o(.text)
    SSI2_Handler                             0x000003ab   Thumb Code     2  startup_tm4c123.o(.text)
    SSI3_Handler                             0x000003ad   Thumb Code     2  startup_tm4c123.o(.text)
    UART3_Handler                            0x000003af   Thumb Code     2  startup_tm4c123.o(.text)
    UART4_Handler                            0x000003b1   Thumb Code     2  startup_tm4c123.o(.text)
    UART5_Handler                            0x000003b3   Thumb Code     2  startup_tm4c123.o(.text)
    UART6_Handler                            0x000003b5   Thumb Code     2  startup_tm4c123.o(.text)
    UART7_Handler                            0x000003b7   Thumb Code     2  startup_tm4c123.o(.text)
    I2C2_Handler                             0x000003b9   Thumb Code     2  startup_tm4c123.o(.text)
    I2C3_Handler                             0x000003bb   Thumb Code     2  startup_tm4c123.o(.text)
    TIMER4A_Handler                          0x000003bd   Thumb Code     2  startup_tm4c123.o(.text)
    TIMER4B_Handler                          0x000003bf   Thumb Code     2  startup_tm4c123.o(.text)
    TIMER5A_Handler                          0x000003c1   Thumb Code     2  startup_tm4c123.o(.text)
    TIMER5B_Handler                          0x000003c3   Thumb Code     2  startup_tm4c123.o(.text)
    WTIMER0A_Handler                         0x000003c5   Thumb Code     2  startup_tm4c123.o(.text)
    WTIMER0B_Handler                         0x000003c7   Thumb Code     2  startup_tm4c123.o(.text)
    WTIMER1A_Handler                         0x000003c9   Thumb Code     2  startup_tm4c123.o(.text)
    WTIMER1B_Handler                         0x000003cb   Thumb Code     2  startup_tm4c123.o(.text)
    WTIMER2A_Handler                         0x000003cd   Thumb Code     2  startup_tm4c123.o(.text)
    WTIMER2B_Handler                         0x000003cf   Thumb Code     2  startup_tm4c123.o(.text)
    WTIMER3A_Handler                         0x000003d1   Thumb Code     2  startup_tm4c123.o(.text)
    WTIMER3B_Handler                         0x000003d3   Thumb Code     2  startup_tm4c123.o(.text)
    WTIMER4A_Handler                         0x000003d5   Thumb Code     2  startup_tm4c123.o(.text)
    WTIMER4B_Handler                         0x000003d7   Thumb Code     2  startup_tm4c123.o(.text)
    WTIMER5A_Handler                         0x000003d9   Thumb Code     2  startup_tm4c123.o(.text)
    WTIMER5B_Handler                         0x000003db   Thumb Code     2  startup_tm4c123.o(.text)
    FPU_Handler                              0x000003dd   Thumb Code     2  startup_tm4c123.o(.text)
    I2C4_Handler                             0x000003df   Thumb Code     2  startup_tm4c123.o(.text)
    I2C5_Handler                             0x000003e1   Thumb Code     2  startup_tm4c123.o(.text)
    GPIOM_Handler                            0x000003e3   Thumb Code     2  startup_tm4c123.o(.text)
    GPION_Handler                            0x000003e5   Thumb Code     2  startup_tm4c123.o(.text)
    QEI2_Handler                             0x000003e7   Thumb Code     2  startup_tm4c123.o(.text)
    GPIOP0_Handler                           0x000003e9   Thumb Code     2  startup_tm4c123.o(.text)
    GPIOP1_Handler                           0x000003eb   Thumb Code     2  startup_tm4c123.o(.text)
    GPIOP2_Handler                           0x000003ed   Thumb Code     2  startup_tm4c123.o(.text)
    GPIOP3_Handler                           0x000003ef   Thumb Code     2  startup_tm4c123.o(.text)
    GPIOP4_Handler                           0x000003f1   Thumb Code     2  startup_tm4c123.o(.text)
    GPIOP5_Handler                           0x000003f3   Thumb Code     2  startup_tm4c123.o(.text)
    GPIOP6_Handler                           0x000003f5   Thumb Code     2  startup_tm4c123.o(.text)
    GPIOP7_Handler                           0x000003f7   Thumb Code     2  startup_tm4c123.o(.text)
    GPIOQ0_Handler                           0x000003f9   Thumb Code     2  startup_tm4c123.o(.text)
    GPIOQ1_Handler                           0x000003fb   Thumb Code     2  startup_tm4c123.o(.text)
    GPIOQ2_Handler                           0x000003fd   Thumb Code     2  startup_tm4c123.o(.text)
    GPIOQ3_Handler                           0x000003ff   Thumb Code     2  startup_tm4c123.o(.text)
    GPIOQ4_Handler                           0x00000401   Thumb Code     2  startup_tm4c123.o(.text)
    GPIOQ5_Handler                           0x00000403   Thumb Code     2  startup_tm4c123.o(.text)
    GPIOQ6_Handler                           0x00000405   Thumb Code     2  startup_tm4c123.o(.text)
    GPIOQ7_Handler                           0x00000407   Thumb Code     2  startup_tm4c123.o(.text)
    GPIOR_Handler                            0x00000409   Thumb Code     2  startup_tm4c123.o(.text)
    GPIOS_Handler                            0x0000040b   Thumb Code     2  startup_tm4c123.o(.text)
    PMW1_0_Handler                           0x0000040d   Thumb Code     2  startup_tm4c123.o(.text)
    PWM1_1_Handler                           0x0000040f   Thumb Code     2  startup_tm4c123.o(.text)
    PWM1_2_Handler                           0x00000411   Thumb Code     2  startup_tm4c123.o(.text)
    PWM1_3_Handler                           0x00000413   Thumb Code     2  startup_tm4c123.o(.text)
    PWM1_FAULT_Handler                       0x00000415   Thumb Code     2  startup_tm4c123.o(.text)
    __user_initial_stackheap                 0x00000419   Thumb Code     0  startup_tm4c123.o(.text)
    __use_two_region_memory                  0x00000439   Thumb Code     2  heapauxi.o(.text)
    __rt_heap_escrow$2region                 0x0000043b   Thumb Code     2  heapauxi.o(.text)
    __rt_heap_expand$2region                 0x0000043d   Thumb Code     2  heapauxi.o(.text)
    __user_setup_stackheap                   0x0000043f   Thumb Code    74  sys_stackheap_outer.o(.text)
    exit                                     0x00000489   Thumb Code    18  exit.o(.text)
    __user_libspace                          0x0000049d   Thumb Code     8  libspace.o(.text)
    __user_perproc_libspace                  0x0000049d   Thumb Code     0  libspace.o(.text)
    __user_perthread_libspace                0x0000049d   Thumb Code     0  libspace.o(.text)
    _sys_exit                                0x000004a5   Thumb Code     8  sys_exit.o(.text)
    __I$use$semihosting                      0x000004b1   Thumb Code     0  use_no_semi.o(.text)
    __use_no_semihosting_swi                 0x000004b1   Thumb Code     2  use_no_semi.o(.text)
    __semihosting_library_function           0x000004b3   Thumb Code     0  indicate_semi.o(.text)
    EWTraffic                                0x000004b5   Thumb Code   202  main.o(.text.EWTraffic)
    NSTraffic                                0x00000581   Thumb Code   198  main.o(.text.NSTraffic)
    PedCrossWalk                             0x00000649   Thumb Code   486  main.o(.text.PedCrossWalk)
    SystemInit                               0x00000831   Thumb Code   268  system_tm4c123.o(.text.SystemInit)
    main                                     0x0000093d   Thumb Code   172  main.o(.text.main)
    setup                                    0x000009e9   Thumb Code   296  main.o(.text.setup)
    GPIODirModeSet                           0x00000b11   Thumb Code    40  gpio.o(i.GPIODirModeSet)
    GPIOPadConfigSet                         0x00000b39   Thumb Code   176  gpio.o(i.GPIOPadConfigSet)
    GPIOPinRead                              0x00000be9   Thumb Code     6  gpio.o(i.GPIOPinRead)
    GPIOPinTypeGPIOInput                     0x00000bef   Thumb Code    28  gpio.o(i.GPIOPinTypeGPIOInput)
    GPIOPinTypeGPIOOutput                    0x00000c0b   Thumb Code    28  gpio.o(i.GPIOPinTypeGPIOOutput)
    GPIOPinWrite                             0x00000c27   Thumb Code     6  gpio.o(i.GPIOPinWrite)
    SysCtlPeripheralEnable                   0x00000c2d   Thumb Code    36  sysctl.o(i.SysCtlPeripheralEnable)
    SysCtlPeripheralReady                    0x00000c55   Thumb Code    40  sysctl.o(i.SysCtlPeripheralReady)
    _fp_init                                 0x00000c81   Thumb Code    26  fpinit.o(x$fpl$fpinit)
    __fplib_config_fpu_vfp                   0x00000c99   Thumb Code     0  fpinit.o(x$fpl$fpinit)
    __fplib_config_pureend_doubles           0x00000c99   Thumb Code     0  fpinit.o(x$fpl$fpinit)
    Region$$Table$$Base                      0x00000c9c   Number         0  anon$$obj.o(Region$$Table)
    Region$$Table$$Limit                     0x00000cac   Number         0  anon$$obj.o(Region$$Table)
    __libspace_start                         0x20000000   Data          96  libspace.o(.bss)
    __temporary_stack_top$libspace           0x20000060   Data           0  libspace.o(.bss)
    ewFlag                                   0x20000060   Data           1  main.o(.bss.ewFlag)
    nsFlag                                   0x20000061   Data           1  main.o(.bss.nsFlag)
    pedButton                                0x20000064   Data           4  main.o(.bss.pedButton)
    sensorEW                                 0x20000068   Data           4  main.o(.bss.sensorEW)
    sensorNS                                 0x2000006c   Data           4  main.o(.bss.sensorNS)



==============================================================================

Memory Map of the image

  Image Entry point : 0x00000325

  Load Region LR_1 (Base: 0x00000000, Size: 0x00000cac, Max: 0xffffffff, ABSOLUTE)

    Execution Region ER_RO (Exec base: 0x00000000, Load base: 0x00000000, Size: 0x00000cac, Max: 0xffffffff, ABSOLUTE)

    Exec Addr    Load Addr    Size         Type   Attr      Idx    E Section Name        Object

    0x00000000   0x00000000   0x0000026c   Data   RO           26    RESET               startup_tm4c123.o
    0x0000026c   0x0000026c   0x00000008   Code   RO          714  * !!!main             c_w.l(__main.o)
    0x00000274   0x00000274   0x0000005c   Code   RO          879    !!!scatter          c_w.l(__scatter.o)
    0x000002d0   0x000002d0   0x00000002   Code   RO          880    !!handler_null      c_w.l(__scatter.o)
    0x000002d2   0x000002d2   0x00000002   PAD
    0x000002d4   0x000002d4   0x0000001c   Code   RO          883    !!handler_zi        c_w.l(__scatter_zi.o)
    0x000002f0   0x000002f0   0x00000002   Code   RO          741    .ARM.Collect$$libinit$$00000000  c_w.l(libinit.o)
    0x000002f2   0x000002f2   0x00000004   Code   RO          747    .ARM.Collect$$libinit$$00000001  c_w.l(libinit2.o)
    0x000002f6   0x000002f6   0x00000000   Code   RO          750    .ARM.Collect$$libinit$$00000004  c_w.l(libinit2.o)
    0x000002f6   0x000002f6   0x00000000   Code   RO          752    .ARM.Collect$$libinit$$00000006  c_w.l(libinit2.o)
    0x000002f6   0x000002f6   0x00000000   Code   RO          755    .ARM.Collect$$libinit$$0000000C  c_w.l(libinit2.o)
    0x000002f6   0x000002f6   0x00000000   Code   RO          757    .ARM.Collect$$libinit$$0000000E  c_w.l(libinit2.o)
    0x000002f6   0x000002f6   0x00000000   Code   RO          759    .ARM.Collect$$libinit$$00000010  c_w.l(libinit2.o)
    0x000002f6   0x000002f6   0x00000000   Code   RO          762    .ARM.Collect$$libinit$$00000013  c_w.l(libinit2.o)
    0x000002f6   0x000002f6   0x00000000   Code   RO          764    .ARM.Collect$$libinit$$00000015  c_w.l(libinit2.o)
    0x000002f6   0x000002f6   0x00000000   Code   RO          766    .ARM.Collect$$libinit$$00000017  c_w.l(libinit2.o)
    0x000002f6   0x000002f6   0x00000000   Code   RO          768    .ARM.Collect$$libinit$$00000019  c_w.l(libinit2.o)
    0x000002f6   0x000002f6   0x00000000   Code   RO          770    .ARM.Collect$$libinit$$0000001B  c_w.l(libinit2.o)
    0x000002f6   0x000002f6   0x00000000   Code   RO          772    .ARM.Collect$$libinit$$0000001D  c_w.l(libinit2.o)
    0x000002f6   0x000002f6   0x00000000   Code   RO          774    .ARM.Collect$$libinit$$0000001F  c_w.l(libinit2.o)
    0x000002f6   0x000002f6   0x00000000   Code   RO          776    .ARM.Collect$$libinit$$00000021  c_w.l(libinit2.o)
    0x000002f6   0x000002f6   0x00000000   Code   RO          778    .ARM.Collect$$libinit$$00000023  c_w.l(libinit2.o)
    0x000002f6   0x000002f6   0x00000000   Code   RO          780    .ARM.Collect$$libinit$$00000025  c_w.l(libinit2.o)
    0x000002f6   0x000002f6   0x00000000   Code   RO          782    .ARM.Collect$$libinit$$00000027  c_w.l(libinit2.o)
    0x000002f6   0x000002f6   0x00000000   Code   RO          786    .ARM.Collect$$libinit$$0000002E  c_w.l(libinit2.o)
    0x000002f6   0x000002f6   0x00000000   Code   RO          788    .ARM.Collect$$libinit$$00000030  c_w.l(libinit2.o)
    0x000002f6   0x000002f6   0x00000000   Code   RO          790    .ARM.Collect$$libinit$$00000032  c_w.l(libinit2.o)
    0x000002f6   0x000002f6   0x00000000   Code   RO          792    .ARM.Collect$$libinit$$00000034  c_w.l(libinit2.o)
    0x000002f6   0x000002f6   0x00000002   Code   RO          793    .ARM.Collect$$libinit$$00000035  c_w.l(libinit2.o)
    0x000002f8   0x000002f8   0x00000002   Code   RO          815    .ARM.Collect$$libshutdown$$00000000  c_w.l(libshutdown.o)
    0x000002fa   0x000002fa   0x00000000   Code   RO          830    .ARM.Collect$$libshutdown$$00000002  c_w.l(libshutdown2.o)
    0x000002fa   0x000002fa   0x00000000   Code   RO          832    .ARM.Collect$$libshutdown$$00000004  c_w.l(libshutdown2.o)
    0x000002fa   0x000002fa   0x00000000   Code   RO          835    .ARM.Collect$$libshutdown$$00000007  c_w.l(libshutdown2.o)
    0x000002fa   0x000002fa   0x00000000   Code   RO          838    .ARM.Collect$$libshutdown$$0000000A  c_w.l(libshutdown2.o)
    0x000002fa   0x000002fa   0x00000000   Code   RO          840    .ARM.Collect$$libshutdown$$0000000C  c_w.l(libshutdown2.o)
    0x000002fa   0x000002fa   0x00000000   Code   RO          843    .ARM.Collect$$libshutdown$$0000000F  c_w.l(libshutdown2.o)
    0x000002fa   0x000002fa   0x00000002   Code   RO          844    .ARM.Collect$$libshutdown$$00000010  c_w.l(libshutdown2.o)
    0x000002fc   0x000002fc   0x00000000   Code   RO          716    .ARM.Collect$$rtentry$$00000000  c_w.l(__rtentry.o)
    0x000002fc   0x000002fc   0x00000000   Code   RO          718    .ARM.Collect$$rtentry$$00000002  c_w.l(__rtentry2.o)
    0x000002fc   0x000002fc   0x00000006   Code   RO          730    .ARM.Collect$$rtentry$$00000004  c_w.l(__rtentry4.o)
    0x00000302   0x00000302   0x00000000   Code   RO          720    .ARM.Collect$$rtentry$$00000009  c_w.l(__rtentry2.o)
    0x00000302   0x00000302   0x00000004   Code   RO          721    .ARM.Collect$$rtentry$$0000000A  c_w.l(__rtentry2.o)
    0x00000306   0x00000306   0x00000000   Code   RO          723    .ARM.Collect$$rtentry$$0000000C  c_w.l(__rtentry2.o)
    0x00000306   0x00000306   0x00000008   Code   RO          724    .ARM.Collect$$rtentry$$0000000D  c_w.l(__rtentry2.o)
    0x0000030e   0x0000030e   0x00000002   Code   RO          745    .ARM.Collect$$rtexit$$00000000  c_w.l(rtexit.o)
    0x00000310   0x00000310   0x00000000   Code   RO          795    .ARM.Collect$$rtexit$$00000002  c_w.l(rtexit2.o)
    0x00000310   0x00000310   0x00000004   Code   RO          796    .ARM.Collect$$rtexit$$00000003  c_w.l(rtexit2.o)
    0x00000314   0x00000314   0x00000006   Code   RO          797    .ARM.Collect$$rtexit$$00000004  c_w.l(rtexit2.o)
    0x0000031a   0x0000031a   0x00000002   PAD
    0x0000031c   0x0000031c   0x00000006   Code   RO          332    .emb_text           driverlib.lib(sysctl.o)
    0x00000322   0x00000322   0x00000002   PAD
    0x00000324   0x00000324   0x00000114   Code   RO           27  * .text               startup_tm4c123.o
    0x00000438   0x00000438   0x00000006   Code   RO          712    .text               c_w.l(heapauxi.o)
    0x0000043e   0x0000043e   0x0000004a   Code   RO          732    .text               c_w.l(sys_stackheap_outer.o)
    0x00000488   0x00000488   0x00000012   Code   RO          734    .text               c_w.l(exit.o)
    0x0000049a   0x0000049a   0x00000002   PAD
    0x0000049c   0x0000049c   0x00000008   Code   RO          742    .text               c_w.l(libspace.o)
    0x000004a4   0x000004a4   0x0000000c   Code   RO          805    .text               c_w.l(sys_exit.o)
    0x000004b0   0x000004b0   0x00000002   Code   RO          820    .text               c_w.l(use_no_semi.o)
    0x000004b2   0x000004b2   0x00000000   Code   RO          822    .text               c_w.l(indicate_semi.o)
    0x000004b2   0x000004b2   0x00000002   PAD
    0x000004b4   0x000004b4   0x000000ca   Code   RO            6    .text.EWTraffic     main.o
    0x0000057e   0x0000057e   0x00000002   PAD
    0x00000580   0x00000580   0x000000c6   Code   RO            4    .text.NSTraffic     main.o
    0x00000646   0x00000646   0x00000002   PAD
    0x00000648   0x00000648   0x000001e6   Code   RO            8    .text.PedCrossWalk  main.o
    0x0000082e   0x0000082e   0x00000002   PAD
    0x00000830   0x00000830   0x0000010c   Code   RO           38    .text.SystemInit    system_tm4c123.o
    0x0000093c   0x0000093c   0x000000ac   Code   RO           10    .text.main          main.o
    0x000009e8   0x000009e8   0x00000128   Code   RO            2    .text.setup         main.o
    0x00000b10   0x00000b10   0x00000028   Code   RO           52    i.GPIODirModeSet    driverlib.lib(gpio.o)
    0x00000b38   0x00000b38   0x000000b0   Code   RO           62    i.GPIOPadConfigSet  driverlib.lib(gpio.o)
    0x00000be8   0x00000be8   0x00000006   Code   RO           64    i.GPIOPinRead       driverlib.lib(gpio.o)
    0x00000bee   0x00000bee   0x0000001c   Code   RO           72    i.GPIOPinTypeGPIOInput  driverlib.lib(gpio.o)
    0x00000c0a   0x00000c0a   0x0000001c   Code   RO           73    i.GPIOPinTypeGPIOOutput  driverlib.lib(gpio.o)
    0x00000c26   0x00000c26   0x00000006   Code   RO           87    i.GPIOPinWrite      driverlib.lib(gpio.o)
    0x00000c2c   0x00000c2c   0x00000028   Code   RO          356    i.SysCtlPeripheralEnable  driverlib.lib(sysctl.o)
    0x00000c54   0x00000c54   0x0000002c   Code   RO          360    i.SysCtlPeripheralReady  driverlib.lib(sysctl.o)
    0x00000c80   0x00000c80   0x0000001a   Code   RO          803    x$fpl$fpinit        fz_wm.l(fpinit.o)
    0x00000c9a   0x00000c9a   0x00000002   PAD
    0x00000c9c   0x00000c9c   0x00000010   Data   RO          878    Region$$Table       anon$$obj.o


    Execution Region ER_RW (Exec base: 0x20000000, Load base: 0x00000cac, Size: 0x00000000, Max: 0xffffffff, ABSOLUTE)

    **** No section assigned to this execution region ****


    Execution Region ER_ZI (Exec base: 0x20000000, Load base: 0x00000cac, Size: 0x00000270, Max: 0xffffffff, ABSOLUTE)

    Exec Addr    Load Addr    Size         Type   Attr      Idx    E Section Name        Object

    0x20000000        -       0x00000060   Zero   RW          743    .bss                c_w.l(libspace.o)
    0x20000060        -       0x00000001   Zero   RW           16    .bss.ewFlag         main.o
    0x20000061        -       0x00000001   Zero   RW           15    .bss.nsFlag         main.o
    0x20000062   0x00000cac   0x00000002   PAD
    0x20000064        -       0x00000004   Zero   RW           12    .bss.pedButton      main.o
    0x20000068        -       0x00000004   Zero   RW           14    .bss.sensorEW       main.o
    0x2000006c        -       0x00000004   Zero   RW           13    .bss.sensorNS       main.o
    0x20000070        -       0x00000000   Zero   RW           25    HEAP                startup_tm4c123.o
    0x20000070        -       0x00000200   Zero   RW           24    STACK               startup_tm4c123.o


==============================================================================

Image component sizes


      Code (inc. data)   RO Data    RW Data    ZI Data      Debug   Object Name

      1354          0          0          0         14       1610   main.o
       276         24        620          0        512       5488   startup_tm4c123.o
       268          0          0          0          0       6827   system_tm4c123.o

    ----------------------------------------------------------------------
      1904         24        636          0        528      13925   Object Totals
         0          0         16          0          0          0   (incl. Generated)
         6          0          0          0          2          0   (incl. Padding)

    ----------------------------------------------------------------------

      Code (inc. data)   RO Data    RW Data    ZI Data      Debug   Library Member Name

         8          0          0          0          0         68   __main.o
         0          0          0          0          0          0   __rtentry.o
        12          0          0          0          0          0   __rtentry2.o
         6          0          0          0          0          0   __rtentry4.o
        94          8          0          0          0          0   __scatter.o
        28          0          0          0          0          0   __scatter_zi.o
        18          0          0          0          0         80   exit.o
         6          0          0          0          0        152   heapauxi.o
         0          0          0          0          0          0   indicate_semi.o
         2          0          0          0          0          0   libinit.o
         6          0          0          0          0          0   libinit2.o
         2          0          0          0          0          0   libshutdown.o
         2          0          0          0          0          0   libshutdown2.o
         8          4          0          0         96         68   libspace.o
         2          0          0          0          0          0   rtexit.o
        10          0          0          0          0          0   rtexit2.o
        12          4          0          0          0         68   sys_exit.o
        74          0          0          0          0         80   sys_stackheap_outer.o
         2          0          0          0          0         68   use_no_semi.o
       284          0          0          0          0       7160   gpio.o
        90          8          0          0          0       1201   sysctl.o
        26          0          0          0          0        116   fpinit.o

    ----------------------------------------------------------------------
       704         24          0          0         96       9061   Library Totals
        12          0          0          0          0          0   (incl. Padding)

    ----------------------------------------------------------------------

      Code (inc. data)   RO Data    RW Data    ZI Data      Debug   Library Name

       292         16          0          0         96        584   c_w.l
       374          8          0          0          0       8361   driverlib.lib
        26          0          0          0          0        116   fz_wm.l

    ----------------------------------------------------------------------
       704         24          0          0         96       9061   Library Totals

    ----------------------------------------------------------------------

==============================================================================


      Code (inc. data)   RO Data    RW Data    ZI Data      Debug   

      2608         48        636          0        624      22310   Grand Totals
      2608         48        636          0        624      22310   ELF Image Totals
      2608         48        636          0          0          0   ROM Totals

==============================================================================

    Total RO  Size (Code + RO Data)                 3244 (   3.17kB)
    Total RW  Size (RW Data + ZI Data)               624 (   0.61kB)
    Total ROM Size (Code + RO Data + RW Data)       3244 (   3.17kB)

==============================================================================

